I'm sorry, but errors were detected in your script. Please correct the
errors listed below, and try again.


File "game/script.rpy", line 201: expected statement.
    fadeout 
            ^

Ren'Py Version: Ren'Py 8.3.2.24090902
Tue Nov 26 02:08:41 2024
